------------------------------------------------------------
Timing Analyzer Summary
------------------------------------------------------------

Type  : Slow 1100mV 85C Model Setup 'clk'
Slack : 17.039
TNS   : 0.000

Type  : Slow 1100mV 85C Model Hold 'clk'
Slack : 0.284
TNS   : 0.000

Type  : Slow 1100mV 85C Model Minimum Pulse Width 'clk'
Slack : 9.395
TNS   : 0.000

Type  : Slow 1100mV 0C Model Setup 'clk'
Slack : 17.054
TNS   : 0.000

Type  : Slow 1100mV 0C Model Hold 'clk'
Slack : 0.261
TNS   : 0.000

Type  : Slow 1100mV 0C Model Minimum Pulse Width 'clk'
Slack : 9.323
TNS   : 0.000

Type  : Fast 1100mV 85C Model Setup 'clk'
Slack : 18.344
TNS   : 0.000

Type  : Fast 1100mV 85C Model Hold 'clk'
Slack : 0.174
TNS   : 0.000

Type  : Fast 1100mV 85C Model Minimum Pulse Width 'clk'
Slack : 9.405
TNS   : 0.000

Type  : Fast 1100mV 0C Model Setup 'clk'
Slack : 18.453
TNS   : 0.000

Type  : Fast 1100mV 0C Model Hold 'clk'
Slack : 0.159
TNS   : 0.000

Type  : Fast 1100mV 0C Model Minimum Pulse Width 'clk'
Slack : 9.410
TNS   : 0.000

------------------------------------------------------------
