Analysis & Synthesis report for problema_1
Wed Sep  3 20:31:15 2025
Quartus Prime Version 22.1std.0 Build 915 10/25/2022 SC Lite Edition


---------------------
; Table of Contents ;
---------------------
  1. Legal Notice
  2. Analysis & Synthesis Summary
  3. Analysis & Synthesis Settings
  4. Parallel Compilation
  5. Analysis & Synthesis Source Files Read
  6. Analysis & Synthesis Resource Usage Summary
  7. Analysis & Synthesis Resource Utilization by Entity
  8. General Register Statistics
  9. Multiplexer Restructuring Statistics (Restructuring Performed)
 10. Parameter Settings for User Entity Instance: Top-level Entity: |problema_1
 11. Parameter Settings for User Entity Instance: btn_onepulse:u_btn
 12. Parameter Settings for User Entity Instance: alu_core:u_alu
 13. Parameter Settings for User Entity Instance: alu_core:u_alu|sumador:u_add
 14. Parameter Settings for User Entity Instance: alu_core:u_alu|restador:u_sub
 15. Parameter Settings for User Entity Instance: alu_core:u_alu|multiplicador_sumas:u_mul
 16. Parameter Settings for User Entity Instance: alu_core:u_alu|multiplicador_sumas:u_mul|sumador:GEN_MUL[0].u_add_i
 17. Parameter Settings for User Entity Instance: alu_core:u_alu|multiplicador_sumas:u_mul|sumador:GEN_MUL[1].u_add_i
 18. Parameter Settings for User Entity Instance: alu_core:u_alu|multiplicador_sumas:u_mul|sumador:GEN_MUL[2].u_add_i
 19. Parameter Settings for User Entity Instance: alu_core:u_alu|multiplicador_sumas:u_mul|sumador:GEN_MUL[3].u_add_i
 20. Parameter Settings for User Entity Instance: alu_core:u_alu|div_mod:u_divmod
 21. Parameter Settings for User Entity Instance: alu_core:u_alu|logic_ops:u_logic
 22. Parameter Settings for User Entity Instance: hex7seg_sv:u_hex_a
 23. Parameter Settings for User Entity Instance: hex7seg_sv:u_hex_b
 24. Parameter Settings for User Entity Instance: hex7seg_sv:u_hex_y
 25. Parameter Settings for Inferred Entity Instance: alu_core:u_alu|div_mod:u_divmod|lpm_divide:Div0
 26. Parameter Settings for Inferred Entity Instance: alu_core:u_alu|div_mod:u_divmod|lpm_divide:Mod0
 27. Port Connectivity Checks: "alu_core:u_alu|div_mod:u_divmod"
 28. Port Connectivity Checks: "alu_core:u_alu|multiplicador_sumas:u_mul|sumador:GEN_MUL[3].u_add_i"
 29. Port Connectivity Checks: "alu_core:u_alu|multiplicador_sumas:u_mul|sumador:GEN_MUL[2].u_add_i"
 30. Port Connectivity Checks: "alu_core:u_alu|multiplicador_sumas:u_mul|sumador:GEN_MUL[1].u_add_i"
 31. Port Connectivity Checks: "alu_core:u_alu|multiplicador_sumas:u_mul|sumador:GEN_MUL[0].u_add_i"
 32. Port Connectivity Checks: "alu_core:u_alu|restador:u_sub"
 33. Port Connectivity Checks: "alu_core:u_alu|sumador:u_add"
 34. Port Connectivity Checks: "alu_core:u_alu"
 35. Post-Synthesis Netlist Statistics for Top Partition
 36. Elapsed Time Per Partition
 37. Analysis & Synthesis Messages
 38. Analysis & Synthesis Suppressed Messages



----------------
; Legal Notice ;
----------------
Copyright (C) 2022  Intel Corporation. All rights reserved.
Your use of Intel Corporation's design tools, logic functions 
and other software and tools, and any partner logic 
functions, and any output files from any of the foregoing 
(including device programming or simulation files), and any 
associated documentation or information are expressly subject 
to the terms and conditions of the Intel Program License 
Subscription Agreement, the Intel Quartus Prime License Agreement,
the Intel FPGA IP License Agreement, or other applicable license
agreement, including, without limitation, that your use is for
the sole purpose of programming logic devices manufactured by
Intel and sold by Intel or its authorized distributors.  Please
refer to the applicable agreement for further details, at
https://fpgasoftware.intel.com/eula.



+----------------------------------------------------------------------------------+
; Analysis & Synthesis Summary                                                     ;
+---------------------------------+------------------------------------------------+
; Analysis & Synthesis Status     ; Successful - Wed Sep  3 20:31:15 2025          ;
; Quartus Prime Version           ; 22.1std.0 Build 915 10/25/2022 SC Lite Edition ;
; Revision Name                   ; problema_1                                     ;
; Top-level Entity Name           ; problema_1                                     ;
; Family                          ; Cyclone V                                      ;
; Logic utilization (in ALMs)     ; N/A                                            ;
; Total registers                 ; 27                                             ;
; Total pins                      ; 40                                             ;
; Total virtual pins              ; 0                                              ;
; Total block memory bits         ; 0                                              ;
; Total DSP Blocks                ; 0                                              ;
; Total HSSI RX PCSs              ; 0                                              ;
; Total HSSI PMA RX Deserializers ; 0                                              ;
; Total HSSI TX PCSs              ; 0                                              ;
; Total HSSI PMA TX Serializers   ; 0                                              ;
; Total PLLs                      ; 0                                              ;
; Total DLLs                      ; 0                                              ;
+---------------------------------+------------------------------------------------+


+---------------------------------------------------------------------------------------------------------------------------+
; Analysis & Synthesis Settings                                                                                             ;
+---------------------------------------------------------------------------------+--------------------+--------------------+
; Option                                                                          ; Setting            ; Default Value      ;
+---------------------------------------------------------------------------------+--------------------+--------------------+
; Device                                                                          ; 5CSXFC6D6F31C6     ;                    ;
; Top-level entity name                                                           ; problema_1         ; problema_1         ;
; Family name                                                                     ; Cyclone V          ; Cyclone V          ;
; Use smart compilation                                                           ; Off                ; Off                ;
; Enable parallel Assembler and Timing Analyzer during compilation                ; On                 ; On                 ;
; Enable compact report table                                                     ; Off                ; Off                ;
; Restructure Multiplexers                                                        ; Auto               ; Auto               ;
; MLAB Add Timing Constraints For Mixed-Port Feed-Through Mode Setting Don't Care ; Off                ; Off                ;
; Create Debugging Nodes for IP Cores                                             ; Off                ; Off                ;
; Preserve fewer node names                                                       ; On                 ; On                 ;
; Intel FPGA IP Evaluation Mode                                                   ; Enable             ; Enable             ;
; Verilog Version                                                                 ; Verilog_2001       ; Verilog_2001       ;
; VHDL Version                                                                    ; VHDL_1993          ; VHDL_1993          ;
; State Machine Processing                                                        ; Auto               ; Auto               ;
; Safe State Machine                                                              ; Off                ; Off                ;
; Extract Verilog State Machines                                                  ; On                 ; On                 ;
; Extract VHDL State Machines                                                     ; On                 ; On                 ;
; Ignore Verilog initial constructs                                               ; Off                ; Off                ;
; Iteration limit for constant Verilog loops                                      ; 5000               ; 5000               ;
; Iteration limit for non-constant Verilog loops                                  ; 250                ; 250                ;
; Add Pass-Through Logic to Inferred RAMs                                         ; On                 ; On                 ;
; Infer RAMs from Raw Logic                                                       ; On                 ; On                 ;
; Parallel Synthesis                                                              ; On                 ; On                 ;
; DSP Block Balancing                                                             ; Auto               ; Auto               ;
; NOT Gate Push-Back                                                              ; On                 ; On                 ;
; Power-Up Don't Care                                                             ; On                 ; On                 ;
; Remove Redundant Logic Cells                                                    ; Off                ; Off                ;
; Remove Duplicate Registers                                                      ; On                 ; On                 ;
; Ignore CARRY Buffers                                                            ; Off                ; Off                ;
; Ignore CASCADE Buffers                                                          ; Off                ; Off                ;
; Ignore GLOBAL Buffers                                                           ; Off                ; Off                ;
; Ignore ROW GLOBAL Buffers                                                       ; Off                ; Off                ;
; Ignore LCELL Buffers                                                            ; Off                ; Off                ;
; Ignore SOFT Buffers                                                             ; On                 ; On                 ;
; Limit AHDL Integers to 32 Bits                                                  ; Off                ; Off                ;
; Optimization Technique                                                          ; Balanced           ; Balanced           ;
; Carry Chain Length                                                              ; 70                 ; 70                 ;
; Auto Carry Chains                                                               ; On                 ; On                 ;
; Auto Open-Drain Pins                                                            ; On                 ; On                 ;
; Perform WYSIWYG Primitive Resynthesis                                           ; Off                ; Off                ;
; Auto ROM Replacement                                                            ; On                 ; On                 ;
; Auto RAM Replacement                                                            ; On                 ; On                 ;
; Auto DSP Block Replacement                                                      ; On                 ; On                 ;
; Auto Shift Register Replacement                                                 ; Auto               ; Auto               ;
; Allow Shift Register Merging across Hierarchies                                 ; Auto               ; Auto               ;
; Auto Clock Enable Replacement                                                   ; On                 ; On                 ;
; Strict RAM Replacement                                                          ; Off                ; Off                ;
; Allow Synchronous Control Signals                                               ; On                 ; On                 ;
; Force Use of Synchronous Clear Signals                                          ; Off                ; Off                ;
; Auto Resource Sharing                                                           ; Off                ; Off                ;
; Allow Any RAM Size For Recognition                                              ; Off                ; Off                ;
; Allow Any ROM Size For Recognition                                              ; Off                ; Off                ;
; Allow Any Shift Register Size For Recognition                                   ; Off                ; Off                ;
; Use LogicLock Constraints during Resource Balancing                             ; On                 ; On                 ;
; Ignore translate_off and synthesis_off directives                               ; Off                ; Off                ;
; Timing-Driven Synthesis                                                         ; On                 ; On                 ;
; Report Parameter Settings                                                       ; On                 ; On                 ;
; Report Source Assignments                                                       ; On                 ; On                 ;
; Report Connectivity Checks                                                      ; On                 ; On                 ;
; Ignore Maximum Fan-Out Assignments                                              ; Off                ; Off                ;
; Synchronization Register Chain Length                                           ; 3                  ; 3                  ;
; Power Optimization During Synthesis                                             ; Normal compilation ; Normal compilation ;
; HDL message level                                                               ; Level2             ; Level2             ;
; Suppress Register Optimization Related Messages                                 ; Off                ; Off                ;
; Number of Removed Registers Reported in Synthesis Report                        ; 5000               ; 5000               ;
; Number of Swept Nodes Reported in Synthesis Report                              ; 5000               ; 5000               ;
; Number of Inverted Registers Reported in Synthesis Report                       ; 100                ; 100                ;
; Clock MUX Protection                                                            ; On                 ; On                 ;
; Auto Gated Clock Conversion                                                     ; Off                ; Off                ;
; Block Design Naming                                                             ; Auto               ; Auto               ;
; SDC constraint protection                                                       ; Off                ; Off                ;
; Synthesis Effort                                                                ; Auto               ; Auto               ;
; Shift Register Replacement - Allow Asynchronous Clear Signal                    ; On                 ; On                 ;
; Pre-Mapping Resynthesis Optimization                                            ; Off                ; Off                ;
; Analysis & Synthesis Message Level                                              ; Medium             ; Medium             ;
; Disable Register Merging Across Hierarchies                                     ; Auto               ; Auto               ;
; Resource Aware Inference For Block RAM                                          ; On                 ; On                 ;
; Automatic Parallel Synthesis                                                    ; On                 ; On                 ;
; Partial Reconfiguration Bitstream ID                                            ; Off                ; Off                ;
+---------------------------------------------------------------------------------+--------------------+--------------------+


+------------------------------------------+
; Parallel Compilation                     ;
+----------------------------+-------------+
; Processors                 ; Number      ;
+----------------------------+-------------+
; Number detected on machine ; 8           ;
; Maximum allowed            ; 4           ;
;                            ;             ;
; Average used               ; 1.00        ;
; Maximum used               ; 4           ;
;                            ;             ;
; Usage by Processor         ; % Time Used ;
;     Processor 1            ; 100.0%      ;
;     Processors 2-4         ;   0.0%      ;
+----------------------------+-------------+


+-------------------------------------------------------------------------------------------------------------------------------------------------------------------------------------------------------------------------------+
; Analysis & Synthesis Source Files Read                                                                                                                                                                                        ;
+----------------------------------+-----------------+------------------------------+---------------------------------------------------------------------------------------------------------------------------------+---------+
; File Name with User-Entered Path ; Used in Netlist ; File Type                    ; File Name with Absolute Path                                                                                                    ; Library ;
+----------------------------------+-----------------+------------------------------+---------------------------------------------------------------------------------------------------------------------------------+---------+
; problema_1.sv                    ; yes             ; User SystemVerilog HDL File  ; C:/Users/ggabr/OneDrive/Escritorio/emonge_ggonzalez_digital_design_lab_2025/laboratorio_2/problema_1/problema_1.sv              ;         ;
; suma.sv                          ; yes             ; User SystemVerilog HDL File  ; C:/Users/ggabr/OneDrive/Escritorio/emonge_ggonzalez_digital_design_lab_2025/laboratorio_2/problema_1/suma.sv                    ;         ;
; restador.sv                      ; yes             ; User SystemVerilog HDL File  ; C:/Users/ggabr/OneDrive/Escritorio/emonge_ggonzalez_digital_design_lab_2025/laboratorio_2/problema_1/restador.sv                ;         ;
; multiplicador.sv                 ; yes             ; User SystemVerilog HDL File  ; C:/Users/ggabr/OneDrive/Escritorio/emonge_ggonzalez_digital_design_lab_2025/laboratorio_2/problema_1/multiplicador.sv           ;         ;
; div_mod.sv                       ; yes             ; User SystemVerilog HDL File  ; C:/Users/ggabr/OneDrive/Escritorio/emonge_ggonzalez_digital_design_lab_2025/laboratorio_2/problema_1/div_mod.sv                 ;         ;
; logic_ops.sv                     ; yes             ; User SystemVerilog HDL File  ; C:/Users/ggabr/OneDrive/Escritorio/emonge_ggonzalez_digital_design_lab_2025/laboratorio_2/problema_1/logic_ops.sv               ;         ;
; hex7seg.sv                       ; yes             ; User SystemVerilog HDL File  ; C:/Users/ggabr/OneDrive/Escritorio/emonge_ggonzalez_digital_design_lab_2025/laboratorio_2/problema_1/hex7seg.sv                 ;         ;
; btn_onepulse.sv                  ; yes             ; User SystemVerilog HDL File  ; C:/Users/ggabr/OneDrive/Escritorio/emonge_ggonzalez_digital_design_lab_2025/laboratorio_2/problema_1/btn_onepulse.sv            ;         ;
; lpm_divide.tdf                   ; yes             ; Megafunction                 ; c:/intelfpga_lite/22.1std/quartus/libraries/megafunctions/lpm_divide.tdf                                                        ;         ;
; abs_divider.inc                  ; yes             ; Megafunction                 ; c:/intelfpga_lite/22.1std/quartus/libraries/megafunctions/abs_divider.inc                                                       ;         ;
; sign_div_unsign.inc              ; yes             ; Megafunction                 ; c:/intelfpga_lite/22.1std/quartus/libraries/megafunctions/sign_div_unsign.inc                                                   ;         ;
; aglobal221.inc                   ; yes             ; Megafunction                 ; c:/intelfpga_lite/22.1std/quartus/libraries/megafunctions/aglobal221.inc                                                        ;         ;
; db/lpm_divide_1am.tdf            ; yes             ; Auto-Generated Megafunction  ; C:/Users/ggabr/OneDrive/Escritorio/emonge_ggonzalez_digital_design_lab_2025/laboratorio_2/problema_1/db/lpm_divide_1am.tdf      ;         ;
; db/sign_div_unsign_7kh.tdf       ; yes             ; Auto-Generated Megafunction  ; C:/Users/ggabr/OneDrive/Escritorio/emonge_ggonzalez_digital_design_lab_2025/laboratorio_2/problema_1/db/sign_div_unsign_7kh.tdf ;         ;
; db/alt_u_div_kse.tdf             ; yes             ; Auto-Generated Megafunction  ; C:/Users/ggabr/OneDrive/Escritorio/emonge_ggonzalez_digital_design_lab_2025/laboratorio_2/problema_1/db/alt_u_div_kse.tdf       ;         ;
; db/lpm_divide_42m.tdf            ; yes             ; Auto-Generated Megafunction  ; C:/Users/ggabr/OneDrive/Escritorio/emonge_ggonzalez_digital_design_lab_2025/laboratorio_2/problema_1/db/lpm_divide_42m.tdf      ;         ;
+----------------------------------+-----------------+------------------------------+---------------------------------------------------------------------------------------------------------------------------------+---------+


+-------------------------------------------------------------+
; Analysis & Synthesis Resource Usage Summary                 ;
+---------------------------------------------+---------------+
; Resource                                    ; Usage         ;
+---------------------------------------------+---------------+
; Estimate of Logic utilization (ALMs needed) ; 102           ;
;                                             ;               ;
; Combinational ALUT usage for logic          ; 169           ;
;     -- 7 input functions                    ; 4             ;
;     -- 6 input functions                    ; 29            ;
;     -- 5 input functions                    ; 33            ;
;     -- 4 input functions                    ; 43            ;
;     -- <=3 input functions                  ; 60            ;
;                                             ;               ;
; Dedicated logic registers                   ; 27            ;
;                                             ;               ;
; I/O pins                                    ; 40            ;
;                                             ;               ;
; Total DSP Blocks                            ; 0             ;
;                                             ;               ;
; Maximum fan-out node                        ; sw_b[2]~input ;
; Maximum fan-out                             ; 42            ;
; Total fan-out                               ; 846           ;
; Average fan-out                             ; 3.07          ;
+---------------------------------------------+---------------+


+------------------------------------------------------------------------------------------------------------------------------------------------------------------------------------------------------------------------------------------------------------------------------------------------------------------------------------------+
; Analysis & Synthesis Resource Utilization by Entity                                                                                                                                                                                                                                                                                      ;
+----------------------------------------------+---------------------+---------------------------+-------------------+------------+------+--------------+---------------------------------------------------------------------------------------------------------------------------------------------+---------------------+--------------+
; Compilation Hierarchy Node                   ; Combinational ALUTs ; Dedicated Logic Registers ; Block Memory Bits ; DSP Blocks ; Pins ; Virtual Pins ; Full Hierarchy Name                                                                                                                         ; Entity Name         ; Library Name ;
+----------------------------------------------+---------------------+---------------------------+-------------------+------------+------+--------------+---------------------------------------------------------------------------------------------------------------------------------------------+---------------------+--------------+
; |problema_1                                  ; 169 (4)             ; 27 (4)                    ; 0                 ; 0          ; 40   ; 0            ; |problema_1                                                                                                                                 ; problema_1          ; work         ;
;    |alu_core:u_alu|                          ; 119 (38)            ; 0 (0)                     ; 0                 ; 0          ; 0    ; 0            ; |problema_1|alu_core:u_alu                                                                                                                  ; alu_core            ; work         ;
;       |div_mod:u_divmod|                     ; 51 (3)              ; 0 (0)                     ; 0                 ; 0          ; 0    ; 0            ; |problema_1|alu_core:u_alu|div_mod:u_divmod                                                                                                 ; div_mod             ; work         ;
;          |lpm_divide:Div0|                   ; 22 (0)              ; 0 (0)                     ; 0                 ; 0          ; 0    ; 0            ; |problema_1|alu_core:u_alu|div_mod:u_divmod|lpm_divide:Div0                                                                                 ; lpm_divide          ; work         ;
;             |lpm_divide_1am:auto_generated|  ; 22 (0)              ; 0 (0)                     ; 0                 ; 0          ; 0    ; 0            ; |problema_1|alu_core:u_alu|div_mod:u_divmod|lpm_divide:Div0|lpm_divide_1am:auto_generated                                                   ; lpm_divide_1am      ; work         ;
;                |sign_div_unsign_7kh:divider| ; 22 (0)              ; 0 (0)                     ; 0                 ; 0          ; 0    ; 0            ; |problema_1|alu_core:u_alu|div_mod:u_divmod|lpm_divide:Div0|lpm_divide_1am:auto_generated|sign_div_unsign_7kh:divider                       ; sign_div_unsign_7kh ; work         ;
;                   |alt_u_div_kse:divider|    ; 22 (22)             ; 0 (0)                     ; 0                 ; 0          ; 0    ; 0            ; |problema_1|alu_core:u_alu|div_mod:u_divmod|lpm_divide:Div0|lpm_divide_1am:auto_generated|sign_div_unsign_7kh:divider|alt_u_div_kse:divider ; alt_u_div_kse       ; work         ;
;          |lpm_divide:Mod0|                   ; 26 (0)              ; 0 (0)                     ; 0                 ; 0          ; 0    ; 0            ; |problema_1|alu_core:u_alu|div_mod:u_divmod|lpm_divide:Mod0                                                                                 ; lpm_divide          ; work         ;
;             |lpm_divide_42m:auto_generated|  ; 26 (0)              ; 0 (0)                     ; 0                 ; 0          ; 0    ; 0            ; |problema_1|alu_core:u_alu|div_mod:u_divmod|lpm_divide:Mod0|lpm_divide_42m:auto_generated                                                   ; lpm_divide_42m      ; work         ;
;                |sign_div_unsign_7kh:divider| ; 26 (0)              ; 0 (0)                     ; 0                 ; 0          ; 0    ; 0            ; |problema_1|alu_core:u_alu|div_mod:u_divmod|lpm_divide:Mod0|lpm_divide_42m:auto_generated|sign_div_unsign_7kh:divider                       ; sign_div_unsign_7kh ; work         ;
;                   |alt_u_div_kse:divider|    ; 26 (26)             ; 0 (0)                     ; 0                 ; 0          ; 0    ; 0            ; |problema_1|alu_core:u_alu|div_mod:u_divmod|lpm_divide:Mod0|lpm_divide_42m:auto_generated|sign_div_unsign_7kh:divider|alt_u_div_kse:divider ; alt_u_div_kse       ; work         ;
;       |logic_ops:u_logic|                    ; 7 (7)               ; 0 (0)                     ; 0                 ; 0          ; 0    ; 0            ; |problema_1|alu_core:u_alu|logic_ops:u_logic                                                                                                ; logic_ops           ; work         ;
;       |multiplicador_sumas:u_mul|            ; 12 (1)              ; 0 (0)                     ; 0                 ; 0          ; 0    ; 0            ; |problema_1|alu_core:u_alu|multiplicador_sumas:u_mul                                                                                        ; multiplicador_sumas ; work         ;
;          |sumador:GEN_MUL[1].u_add_i|        ; 5 (5)               ; 0 (0)                     ; 0                 ; 0          ; 0    ; 0            ; |problema_1|alu_core:u_alu|multiplicador_sumas:u_mul|sumador:GEN_MUL[1].u_add_i                                                             ; sumador             ; work         ;
;          |sumador:GEN_MUL[2].u_add_i|        ; 4 (4)               ; 0 (0)                     ; 0                 ; 0          ; 0    ; 0            ; |problema_1|alu_core:u_alu|multiplicador_sumas:u_mul|sumador:GEN_MUL[2].u_add_i                                                             ; sumador             ; work         ;
;          |sumador:GEN_MUL[3].u_add_i|        ; 2 (2)               ; 0 (0)                     ; 0                 ; 0          ; 0    ; 0            ; |problema_1|alu_core:u_alu|multiplicador_sumas:u_mul|sumador:GEN_MUL[3].u_add_i                                                             ; sumador             ; work         ;
;       |restador:u_sub|                       ; 6 (6)               ; 0 (0)                     ; 0                 ; 0          ; 0    ; 0            ; |problema_1|alu_core:u_alu|restador:u_sub                                                                                                   ; restador            ; work         ;
;       |sumador:u_add|                        ; 5 (5)               ; 0 (0)                     ; 0                 ; 0          ; 0    ; 0            ; |problema_1|alu_core:u_alu|sumador:u_add                                                                                                    ; sumador             ; work         ;
;    |btn_onepulse:u_btn|                      ; 25 (25)             ; 23 (23)                   ; 0                 ; 0          ; 0    ; 0            ; |problema_1|btn_onepulse:u_btn                                                                                                              ; btn_onepulse        ; work         ;
;    |hex7seg_sv:u_hex_a|                      ; 7 (7)               ; 0 (0)                     ; 0                 ; 0          ; 0    ; 0            ; |problema_1|hex7seg_sv:u_hex_a                                                                                                              ; hex7seg_sv          ; work         ;
;    |hex7seg_sv:u_hex_b|                      ; 7 (7)               ; 0 (0)                     ; 0                 ; 0          ; 0    ; 0            ; |problema_1|hex7seg_sv:u_hex_b                                                                                                              ; hex7seg_sv          ; work         ;
;    |hex7seg_sv:u_hex_y|                      ; 7 (7)               ; 0 (0)                     ; 0                 ; 0          ; 0    ; 0            ; |problema_1|hex7seg_sv:u_hex_y                                                                                                              ; hex7seg_sv          ; work         ;
+----------------------------------------------+---------------------+---------------------------+-------------------+------------+------+--------------+---------------------------------------------------------------------------------------------------------------------------------------------+---------------------+--------------+
Note: For table entries with two numbers listed, the numbers in parentheses indicate the number of resources of the given type used by the specific entity alone. The numbers listed outside of parentheses indicate the total resources of the given type used by the specific entity and all of its sub-entities in the hierarchy.


+------------------------------------------------------+
; General Register Statistics                          ;
+----------------------------------------------+-------+
; Statistic                                    ; Value ;
+----------------------------------------------+-------+
; Total registers                              ; 27    ;
; Number of registers using Synchronous Clear  ; 19    ;
; Number of registers using Synchronous Load   ; 0     ;
; Number of registers using Asynchronous Clear ; 27    ;
; Number of registers using Asynchronous Load  ; 0     ;
; Number of registers using Clock Enable       ; 3     ;
; Number of registers using Preset             ; 0     ;
+----------------------------------------------+-------+


+------------------------------------------------------------------------------------------------------------------------------------------------------------------------+
; Multiplexer Restructuring Statistics (Restructuring Performed)                                                                                                         ;
+--------------------+-----------+---------------+----------------------+------------------------+------------+----------------------------------------------------------+
; Multiplexer Inputs ; Bus Width ; Baseline Area ; Area if Restructured ; Saving if Restructured ; Registered ; Example Multiplexer Output                               ;
+--------------------+-----------+---------------+----------------------+------------------------+------------+----------------------------------------------------------+
; 3:1                ; 19 bits   ; 38 LEs        ; 0 LEs                ; 38 LEs                 ; Yes        ; |problema_1|btn_onepulse:u_btn|cnt[16]                   ;
; 3:1                ; 2 bits    ; 4 LEs         ; 4 LEs                ; 0 LEs                  ; No         ; |problema_1|alu_core:u_alu|logic_ops:u_logic|ShiftLeft0  ;
; 5:1                ; 2 bits    ; 6 LEs         ; 4 LEs                ; 2 LEs                  ; No         ; |problema_1|alu_core:u_alu|logic_ops:u_logic|ShiftLeft0  ;
; 5:1                ; 2 bits    ; 6 LEs         ; 6 LEs                ; 0 LEs                  ; No         ; |problema_1|alu_core:u_alu|logic_ops:u_logic|ShiftRight0 ;
; 5:1                ; 2 bits    ; 6 LEs         ; 6 LEs                ; 0 LEs                  ; No         ; |problema_1|alu_core:u_alu|logic_ops:u_logic|ShiftRight0 ;
; 16:1               ; 4 bits    ; 40 LEs        ; 32 LEs               ; 8 LEs                  ; No         ; |problema_1|alu_core:u_alu|Mux0                          ;
+--------------------+-----------+---------------+----------------------+------------------------+------------+----------------------------------------------------------+


+----------------------------------------------------------------------------+
; Parameter Settings for User Entity Instance: Top-level Entity: |problema_1 ;
+-----------------+----------+-----------------------------------------------+
; Parameter Name  ; Value    ; Type                                          ;
+-----------------+----------+-----------------------------------------------+
; N               ; 4        ; Signed Integer                                ;
; ACTIVE_LOW_7SEG ; 1        ; Unsigned Binary                               ;
; CLK_HZ          ; 50000000 ; Signed Integer                                ;
+-----------------+----------+-----------------------------------------------+
Note: In order to hide this table in the UI and the text report file, please set the "Show Parameter Settings in Synthesis Report" option in "Analysis and Synthesis Settings -> More Settings" to "Off".


+-----------------------------------------------------------------+
; Parameter Settings for User Entity Instance: btn_onepulse:u_btn ;
+----------------+----------+-------------------------------------+
; Parameter Name ; Value    ; Type                                ;
+----------------+----------+-------------------------------------+
; CLK_HZ         ; 50000000 ; Signed Integer                      ;
; DEBOUNCE_MS    ; 10       ; Signed Integer                      ;
+----------------+----------+-------------------------------------+
Note: In order to hide this table in the UI and the text report file, please set the "Show Parameter Settings in Synthesis Report" option in "Analysis and Synthesis Settings -> More Settings" to "Off".


+-------------------------------------------------------------+
; Parameter Settings for User Entity Instance: alu_core:u_alu ;
+----------------+-------+------------------------------------+
; Parameter Name ; Value ; Type                               ;
+----------------+-------+------------------------------------+
; N              ; 4     ; Signed Integer                     ;
+----------------+-------+------------------------------------+
Note: In order to hide this table in the UI and the text report file, please set the "Show Parameter Settings in Synthesis Report" option in "Analysis and Synthesis Settings -> More Settings" to "Off".


+---------------------------------------------------------------------------+
; Parameter Settings for User Entity Instance: alu_core:u_alu|sumador:u_add ;
+----------------+-------+--------------------------------------------------+
; Parameter Name ; Value ; Type                                             ;
+----------------+-------+--------------------------------------------------+
; N              ; 4     ; Signed Integer                                   ;
+----------------+-------+--------------------------------------------------+
Note: In order to hide this table in the UI and the text report file, please set the "Show Parameter Settings in Synthesis Report" option in "Analysis and Synthesis Settings -> More Settings" to "Off".


+----------------------------------------------------------------------------+
; Parameter Settings for User Entity Instance: alu_core:u_alu|restador:u_sub ;
+----------------+-------+---------------------------------------------------+
; Parameter Name ; Value ; Type                                              ;
+----------------+-------+---------------------------------------------------+
; N              ; 4     ; Signed Integer                                    ;
+----------------+-------+---------------------------------------------------+
Note: In order to hide this table in the UI and the text report file, please set the "Show Parameter Settings in Synthesis Report" option in "Analysis and Synthesis Settings -> More Settings" to "Off".


+---------------------------------------------------------------------------------------+
; Parameter Settings for User Entity Instance: alu_core:u_alu|multiplicador_sumas:u_mul ;
+----------------+-------+--------------------------------------------------------------+
; Parameter Name ; Value ; Type                                                         ;
+----------------+-------+--------------------------------------------------------------+
; N              ; 4     ; Signed Integer                                               ;
+----------------+-------+--------------------------------------------------------------+
Note: In order to hide this table in the UI and the text report file, please set the "Show Parameter Settings in Synthesis Report" option in "Analysis and Synthesis Settings -> More Settings" to "Off".


+------------------------------------------------------------------------------------------------------------------+
; Parameter Settings for User Entity Instance: alu_core:u_alu|multiplicador_sumas:u_mul|sumador:GEN_MUL[0].u_add_i ;
+----------------+-------+-----------------------------------------------------------------------------------------+
; Parameter Name ; Value ; Type                                                                                    ;
+----------------+-------+-----------------------------------------------------------------------------------------+
; N              ; 8     ; Signed Integer                                                                          ;
+----------------+-------+-----------------------------------------------------------------------------------------+
Note: In order to hide this table in the UI and the text report file, please set the "Show Parameter Settings in Synthesis Report" option in "Analysis and Synthesis Settings -> More Settings" to "Off".


+------------------------------------------------------------------------------------------------------------------+
; Parameter Settings for User Entity Instance: alu_core:u_alu|multiplicador_sumas:u_mul|sumador:GEN_MUL[1].u_add_i ;
+----------------+-------+-----------------------------------------------------------------------------------------+
; Parameter Name ; Value ; Type                                                                                    ;
+----------------+-------+-----------------------------------------------------------------------------------------+
; N              ; 8     ; Signed Integer                                                                          ;
+----------------+-------+-----------------------------------------------------------------------------------------+
Note: In order to hide this table in the UI and the text report file, please set the "Show Parameter Settings in Synthesis Report" option in "Analysis and Synthesis Settings -> More Settings" to "Off".


+------------------------------------------------------------------------------------------------------------------+
; Parameter Settings for User Entity Instance: alu_core:u_alu|multiplicador_sumas:u_mul|sumador:GEN_MUL[2].u_add_i ;
+----------------+-------+-----------------------------------------------------------------------------------------+
; Parameter Name ; Value ; Type                                                                                    ;
+----------------+-------+-----------------------------------------------------------------------------------------+
; N              ; 8     ; Signed Integer                                                                          ;
+----------------+-------+-----------------------------------------------------------------------------------------+
Note: In order to hide this table in the UI and the text report file, please set the "Show Parameter Settings in Synthesis Report" option in "Analysis and Synthesis Settings -> More Settings" to "Off".


+------------------------------------------------------------------------------------------------------------------+
; Parameter Settings for User Entity Instance: alu_core:u_alu|multiplicador_sumas:u_mul|sumador:GEN_MUL[3].u_add_i ;
+----------------+-------+-----------------------------------------------------------------------------------------+
; Parameter Name ; Value ; Type                                                                                    ;
+----------------+-------+-----------------------------------------------------------------------------------------+
; N              ; 8     ; Signed Integer                                                                          ;
+----------------+-------+-----------------------------------------------------------------------------------------+
Note: In order to hide this table in the UI and the text report file, please set the "Show Parameter Settings in Synthesis Report" option in "Analysis and Synthesis Settings -> More Settings" to "Off".


+------------------------------------------------------------------------------+
; Parameter Settings for User Entity Instance: alu_core:u_alu|div_mod:u_divmod ;
+----------------+-------+-----------------------------------------------------+
; Parameter Name ; Value ; Type                                                ;
+----------------+-------+-----------------------------------------------------+
; N              ; 4     ; Signed Integer                                      ;
+----------------+-------+-----------------------------------------------------+
Note: In order to hide this table in the UI and the text report file, please set the "Show Parameter Settings in Synthesis Report" option in "Analysis and Synthesis Settings -> More Settings" to "Off".


+-------------------------------------------------------------------------------+
; Parameter Settings for User Entity Instance: alu_core:u_alu|logic_ops:u_logic ;
+----------------+-------+------------------------------------------------------+
; Parameter Name ; Value ; Type                                                 ;
+----------------+-------+------------------------------------------------------+
; N              ; 4     ; Signed Integer                                       ;
+----------------+-------+------------------------------------------------------+
Note: In order to hide this table in the UI and the text report file, please set the "Show Parameter Settings in Synthesis Report" option in "Analysis and Synthesis Settings -> More Settings" to "Off".


+-----------------------------------------------------------------+
; Parameter Settings for User Entity Instance: hex7seg_sv:u_hex_a ;
+-----------------+-------+---------------------------------------+
; Parameter Name  ; Value ; Type                                  ;
+-----------------+-------+---------------------------------------+
; ACTIVE_LOW_7SEG ; 1     ; Unsigned Binary                       ;
+-----------------+-------+---------------------------------------+
Note: In order to hide this table in the UI and the text report file, please set the "Show Parameter Settings in Synthesis Report" option in "Analysis and Synthesis Settings -> More Settings" to "Off".


+-----------------------------------------------------------------+
; Parameter Settings for User Entity Instance: hex7seg_sv:u_hex_b ;
+-----------------+-------+---------------------------------------+
; Parameter Name  ; Value ; Type                                  ;
+-----------------+-------+---------------------------------------+
; ACTIVE_LOW_7SEG ; 1     ; Unsigned Binary                       ;
+-----------------+-------+---------------------------------------+
Note: In order to hide this table in the UI and the text report file, please set the "Show Parameter Settings in Synthesis Report" option in "Analysis and Synthesis Settings -> More Settings" to "Off".


+-----------------------------------------------------------------+
; Parameter Settings for User Entity Instance: hex7seg_sv:u_hex_y ;
+-----------------+-------+---------------------------------------+
; Parameter Name  ; Value ; Type                                  ;
+-----------------+-------+---------------------------------------+
; ACTIVE_LOW_7SEG ; 1     ; Unsigned Binary                       ;
+-----------------+-------+---------------------------------------+
Note: In order to hide this table in the UI and the text report file, please set the "Show Parameter Settings in Synthesis Report" option in "Analysis and Synthesis Settings -> More Settings" to "Off".


+--------------------------------------------------------------------------------------------------+
; Parameter Settings for Inferred Entity Instance: alu_core:u_alu|div_mod:u_divmod|lpm_divide:Div0 ;
+------------------------+----------------+--------------------------------------------------------+
; Parameter Name         ; Value          ; Type                                                   ;
+------------------------+----------------+--------------------------------------------------------+
; LPM_WIDTHN             ; 4              ; Untyped                                                ;
; LPM_WIDTHD             ; 4              ; Untyped                                                ;
; LPM_NREPRESENTATION    ; UNSIGNED       ; Untyped                                                ;
; LPM_DREPRESENTATION    ; UNSIGNED       ; Untyped                                                ;
; LPM_PIPELINE           ; 0              ; Untyped                                                ;
; LPM_REMAINDERPOSITIVE  ; TRUE           ; Untyped                                                ;
; MAXIMIZE_SPEED         ; 5              ; Untyped                                                ;
; CBXI_PARAMETER         ; lpm_divide_1am ; Untyped                                                ;
; CARRY_CHAIN            ; MANUAL         ; Untyped                                                ;
; OPTIMIZE_FOR_SPEED     ; 5              ; Untyped                                                ;
; AUTO_CARRY_CHAINS      ; ON             ; AUTO_CARRY                                             ;
; IGNORE_CARRY_BUFFERS   ; OFF            ; IGNORE_CARRY                                           ;
; AUTO_CASCADE_CHAINS    ; ON             ; AUTO_CASCADE                                           ;
; IGNORE_CASCADE_BUFFERS ; OFF            ; IGNORE_CASCADE                                         ;
+------------------------+----------------+--------------------------------------------------------+
Note: In order to hide this table in the UI and the text report file, please set the "Show Parameter Settings in Synthesis Report" option in "Analysis and Synthesis Settings -> More Settings" to "Off".


+--------------------------------------------------------------------------------------------------+
; Parameter Settings for Inferred Entity Instance: alu_core:u_alu|div_mod:u_divmod|lpm_divide:Mod0 ;
+------------------------+----------------+--------------------------------------------------------+
; Parameter Name         ; Value          ; Type                                                   ;
+------------------------+----------------+--------------------------------------------------------+
; LPM_WIDTHN             ; 4              ; Untyped                                                ;
; LPM_WIDTHD             ; 4              ; Untyped                                                ;
; LPM_NREPRESENTATION    ; UNSIGNED       ; Untyped                                                ;
; LPM_DREPRESENTATION    ; UNSIGNED       ; Untyped                                                ;
; LPM_PIPELINE           ; 0              ; Untyped                                                ;
; LPM_REMAINDERPOSITIVE  ; TRUE           ; Untyped                                                ;
; MAXIMIZE_SPEED         ; 5              ; Untyped                                                ;
; CBXI_PARAMETER         ; lpm_divide_42m ; Untyped                                                ;
; CARRY_CHAIN            ; MANUAL         ; Untyped                                                ;
; OPTIMIZE_FOR_SPEED     ; 5              ; Untyped                                                ;
; AUTO_CARRY_CHAINS      ; ON             ; AUTO_CARRY                                             ;
; IGNORE_CARRY_BUFFERS   ; OFF            ; IGNORE_CARRY                                           ;
; AUTO_CASCADE_CHAINS    ; ON             ; AUTO_CASCADE                                           ;
; IGNORE_CASCADE_BUFFERS ; OFF            ; IGNORE_CASCADE                                         ;
+------------------------+----------------+--------------------------------------------------------+
Note: In order to hide this table in the UI and the text report file, please set the "Show Parameter Settings in Synthesis Report" option in "Analysis and Synthesis Settings -> More Settings" to "Off".


+----------------------------------------------------------------------------------------------------------------+
; Port Connectivity Checks: "alu_core:u_alu|div_mod:u_divmod"                                                    ;
+------+--------+----------+-------------------------------------------------------------------------------------+
; Port ; Type   ; Severity ; Details                                                                             ;
+------+--------+----------+-------------------------------------------------------------------------------------+
; div0 ; Output ; Info     ; Connected to dangling logic. Logic that only feeds a dangling port will be removed. ;
+------+--------+----------+-------------------------------------------------------------------------------------+


+-------------------------------------------------------------------------------------------------------------------+
; Port Connectivity Checks: "alu_core:u_alu|multiplicador_sumas:u_mul|sumador:GEN_MUL[3].u_add_i"                   ;
+---------+--------+----------+-------------------------------------------------------------------------------------+
; Port    ; Type   ; Severity ; Details                                                                             ;
+---------+--------+----------+-------------------------------------------------------------------------------------+
; B[2..0] ; Input  ; Info     ; Stuck at GND                                                                        ;
; B[7]    ; Input  ; Info     ; Stuck at GND                                                                        ;
; Cin     ; Input  ; Info     ; Stuck at GND                                                                        ;
; Cout    ; Output ; Info     ; Explicitly unconnected                                                              ;
; Z       ; Output ; Info     ; Connected to dangling logic. Logic that only feeds a dangling port will be removed. ;
; Nf      ; Output ; Info     ; Connected to dangling logic. Logic that only feeds a dangling port will be removed. ;
; V       ; Output ; Info     ; Connected to dangling logic. Logic that only feeds a dangling port will be removed. ;
; C       ; Output ; Info     ; Connected to dangling logic. Logic that only feeds a dangling port will be removed. ;
+---------+--------+----------+-------------------------------------------------------------------------------------+


+-------------------------------------------------------------------------------------------------------------------+
; Port Connectivity Checks: "alu_core:u_alu|multiplicador_sumas:u_mul|sumador:GEN_MUL[2].u_add_i"                   ;
+---------+--------+----------+-------------------------------------------------------------------------------------+
; Port    ; Type   ; Severity ; Details                                                                             ;
+---------+--------+----------+-------------------------------------------------------------------------------------+
; B[7..6] ; Input  ; Info     ; Stuck at GND                                                                        ;
; B[1..0] ; Input  ; Info     ; Stuck at GND                                                                        ;
; Cin     ; Input  ; Info     ; Stuck at GND                                                                        ;
; Cout    ; Output ; Info     ; Explicitly unconnected                                                              ;
; Z       ; Output ; Info     ; Connected to dangling logic. Logic that only feeds a dangling port will be removed. ;
; Nf      ; Output ; Info     ; Connected to dangling logic. Logic that only feeds a dangling port will be removed. ;
; V       ; Output ; Info     ; Connected to dangling logic. Logic that only feeds a dangling port will be removed. ;
; C       ; Output ; Info     ; Connected to dangling logic. Logic that only feeds a dangling port will be removed. ;
+---------+--------+----------+-------------------------------------------------------------------------------------+


+-------------------------------------------------------------------------------------------------------------------+
; Port Connectivity Checks: "alu_core:u_alu|multiplicador_sumas:u_mul|sumador:GEN_MUL[1].u_add_i"                   ;
+---------+--------+----------+-------------------------------------------------------------------------------------+
; Port    ; Type   ; Severity ; Details                                                                             ;
+---------+--------+----------+-------------------------------------------------------------------------------------+
; B[7..5] ; Input  ; Info     ; Stuck at GND                                                                        ;
; B[0]    ; Input  ; Info     ; Stuck at GND                                                                        ;
; Cin     ; Input  ; Info     ; Stuck at GND                                                                        ;
; Cout    ; Output ; Info     ; Explicitly unconnected                                                              ;
; Z       ; Output ; Info     ; Connected to dangling logic. Logic that only feeds a dangling port will be removed. ;
; Nf      ; Output ; Info     ; Connected to dangling logic. Logic that only feeds a dangling port will be removed. ;
; V       ; Output ; Info     ; Connected to dangling logic. Logic that only feeds a dangling port will be removed. ;
; C       ; Output ; Info     ; Connected to dangling logic. Logic that only feeds a dangling port will be removed. ;
+---------+--------+----------+-------------------------------------------------------------------------------------+


+-------------------------------------------------------------------------------------------------------------------+
; Port Connectivity Checks: "alu_core:u_alu|multiplicador_sumas:u_mul|sumador:GEN_MUL[0].u_add_i"                   ;
+---------+--------+----------+-------------------------------------------------------------------------------------+
; Port    ; Type   ; Severity ; Details                                                                             ;
+---------+--------+----------+-------------------------------------------------------------------------------------+
; A       ; Input  ; Info     ; Stuck at GND                                                                        ;
; B[7..4] ; Input  ; Info     ; Stuck at GND                                                                        ;
; Cin     ; Input  ; Info     ; Stuck at GND                                                                        ;
; Cout    ; Output ; Info     ; Explicitly unconnected                                                              ;
; Z       ; Output ; Info     ; Connected to dangling logic. Logic that only feeds a dangling port will be removed. ;
; Nf      ; Output ; Info     ; Connected to dangling logic. Logic that only feeds a dangling port will be removed. ;
; V       ; Output ; Info     ; Connected to dangling logic. Logic that only feeds a dangling port will be removed. ;
; C       ; Output ; Info     ; Connected to dangling logic. Logic that only feeds a dangling port will be removed. ;
+---------+--------+----------+-------------------------------------------------------------------------------------+


+----------------------------------------------------------------------------------------------------------------+
; Port Connectivity Checks: "alu_core:u_alu|restador:u_sub"                                                      ;
+------+--------+----------+-------------------------------------------------------------------------------------+
; Port ; Type   ; Severity ; Details                                                                             ;
+------+--------+----------+-------------------------------------------------------------------------------------+
; Bout ; Output ; Info     ; Connected to dangling logic. Logic that only feeds a dangling port will be removed. ;
+------+--------+----------+-------------------------------------------------------------------------------------+


+----------------------------------------------------------+
; Port Connectivity Checks: "alu_core:u_alu|sumador:u_add" ;
+------+--------+----------+-------------------------------+
; Port ; Type   ; Severity ; Details                       ;
+------+--------+----------+-------------------------------+
; Cout ; Output ; Info     ; Explicitly unconnected        ;
+------+--------+----------+-------------------------------+


+--------------------------------------------+
; Port Connectivity Checks: "alu_core:u_alu" ;
+---------+-------+----------+---------------+
; Port    ; Type  ; Severity ; Details       ;
+---------+-------+----------+---------------+
; CIN_BIN ; Input ; Info     ; Stuck at GND  ;
+---------+-------+----------+---------------+


+-----------------------------------------------------+
; Post-Synthesis Netlist Statistics for Top Partition ;
+-----------------------+-----------------------------+
; Type                  ; Count                       ;
+-----------------------+-----------------------------+
; arriav_ff             ; 27                          ;
;     CLR               ; 5                           ;
;     CLR SCLR          ; 19                          ;
;     ENA CLR           ; 3                           ;
; arriav_lcell_comb     ; 172                         ;
;     arith             ; 31                          ;
;         0 data inputs ; 4                           ;
;         1 data inputs ; 19                          ;
;         2 data inputs ; 2                           ;
;         5 data inputs ; 6                           ;
;     extend            ; 4                           ;
;         7 data inputs ; 4                           ;
;     normal            ; 119                         ;
;         1 data inputs ; 4                           ;
;         2 data inputs ; 7                           ;
;         3 data inputs ; 15                          ;
;         4 data inputs ; 37                          ;
;         5 data inputs ; 27                          ;
;         6 data inputs ; 29                          ;
;     shared            ; 18                          ;
;         0 data inputs ; 6                           ;
;         2 data inputs ; 6                           ;
;         4 data inputs ; 6                           ;
; boundary_port         ; 40                          ;
;                       ;                             ;
; Max LUT depth         ; 12.50                       ;
; Average LUT depth     ; 6.55                        ;
+-----------------------+-----------------------------+


+-------------------------------+
; Elapsed Time Per Partition    ;
+----------------+--------------+
; Partition Name ; Elapsed Time ;
+----------------+--------------+
; Top            ; 00:00:00     ;
+----------------+--------------+


+-------------------------------+
; Analysis & Synthesis Messages ;
+-------------------------------+
Info: *******************************************************************
Info: Running Quartus Prime Analysis & Synthesis
    Info: Version 22.1std.0 Build 915 10/25/2022 SC Lite Edition
    Info: Processing started: Wed Sep  3 20:31:08 2025
Info: Command: quartus_map --read_settings_files=on --write_settings_files=off problema_1 -c problema_1
Warning (18236): Number of processors has not been specified which may cause overloading on shared machines.  Set the global assignment NUM_PARALLEL_PROCESSORS in your QSF to an appropriate value for best performance.
Info (20030): Parallel compilation is enabled and will use 4 of the 4 processors detected
Info (12021): Found 2 design units, including 2 entities, in source file problema_1.sv
    Info (12023): Found entity 1: alu_core File: C:/Users/ggabr/OneDrive/Escritorio/emonge_ggonzalez_digital_design_lab_2025/laboratorio_2/problema_1/problema_1.sv Line: 4
    Info (12023): Found entity 2: problema_1 File: C:/Users/ggabr/OneDrive/Escritorio/emonge_ggonzalez_digital_design_lab_2025/laboratorio_2/problema_1/problema_1.sv Line: 69
Info (12021): Found 1 design units, including 1 entities, in source file suma.sv
    Info (12023): Found entity 1: sumador File: C:/Users/ggabr/OneDrive/Escritorio/emonge_ggonzalez_digital_design_lab_2025/laboratorio_2/problema_1/suma.sv Line: 5
Info (12021): Found 1 design units, including 1 entities, in source file restador.sv
    Info (12023): Found entity 1: restador File: C:/Users/ggabr/OneDrive/Escritorio/emonge_ggonzalez_digital_design_lab_2025/laboratorio_2/problema_1/restador.sv Line: 7
Info (12021): Found 1 design units, including 1 entities, in source file tb_problema_1.sv
    Info (12023): Found entity 1: tb_problema_1 File: C:/Users/ggabr/OneDrive/Escritorio/emonge_ggonzalez_digital_design_lab_2025/laboratorio_2/problema_1/tb_problema_1.sv Line: 4
Info (12021): Found 1 design units, including 1 entities, in source file multiplicador.sv
    Info (12023): Found entity 1: multiplicador_sumas File: C:/Users/ggabr/OneDrive/Escritorio/emonge_ggonzalez_digital_design_lab_2025/laboratorio_2/problema_1/multiplicador.sv Line: 5
Info (12021): Found 1 design units, including 1 entities, in source file div_mod.sv
    Info (12023): Found entity 1: div_mod File: C:/Users/ggabr/OneDrive/Escritorio/emonge_ggonzalez_digital_design_lab_2025/laboratorio_2/problema_1/div_mod.sv Line: 4
Info (12021): Found 1 design units, including 1 entities, in source file logic_ops.sv
    Info (12023): Found entity 1: logic_ops File: C:/Users/ggabr/OneDrive/Escritorio/emonge_ggonzalez_digital_design_lab_2025/laboratorio_2/problema_1/logic_ops.sv Line: 3
Info (12021): Found 1 design units, including 1 entities, in source file hex7seg.sv
    Info (12023): Found entity 1: hex7seg_sv File: C:/Users/ggabr/OneDrive/Escritorio/emonge_ggonzalez_digital_design_lab_2025/laboratorio_2/problema_1/hex7seg.sv Line: 2
Info (12021): Found 1 design units, including 1 entities, in source file btn_onepulse.sv
    Info (12023): Found entity 1: btn_onepulse File: C:/Users/ggabr/OneDrive/Escritorio/emonge_ggonzalez_digital_design_lab_2025/laboratorio_2/problema_1/btn_onepulse.sv Line: 2
Info (12127): Elaborating entity "problema_1" for the top level hierarchy
Info (12128): Elaborating entity "btn_onepulse" for hierarchy "btn_onepulse:u_btn" File: C:/Users/ggabr/OneDrive/Escritorio/emonge_ggonzalez_digital_design_lab_2025/laboratorio_2/problema_1/problema_1.sv Line: 89
Info (12128): Elaborating entity "alu_core" for hierarchy "alu_core:u_alu" File: C:/Users/ggabr/OneDrive/Escritorio/emonge_ggonzalez_digital_design_lab_2025/laboratorio_2/problema_1/problema_1.sv Line: 110
Info (12128): Elaborating entity "sumador" for hierarchy "alu_core:u_alu|sumador:u_add" File: C:/Users/ggabr/OneDrive/Escritorio/emonge_ggonzalez_digital_design_lab_2025/laboratorio_2/problema_1/problema_1.sv Line: 25
Info (12128): Elaborating entity "restador" for hierarchy "alu_core:u_alu|restador:u_sub" File: C:/Users/ggabr/OneDrive/Escritorio/emonge_ggonzalez_digital_design_lab_2025/laboratorio_2/problema_1/problema_1.sv Line: 28
Info (12128): Elaborating entity "multiplicador_sumas" for hierarchy "alu_core:u_alu|multiplicador_sumas:u_mul" File: C:/Users/ggabr/OneDrive/Escritorio/emonge_ggonzalez_digital_design_lab_2025/laboratorio_2/problema_1/problema_1.sv Line: 32
Info (12128): Elaborating entity "sumador" for hierarchy "alu_core:u_alu|multiplicador_sumas:u_mul|sumador:GEN_MUL[0].u_add_i" File: C:/Users/ggabr/OneDrive/Escritorio/emonge_ggonzalez_digital_design_lab_2025/laboratorio_2/problema_1/multiplicador.sv Line: 33
Info (12128): Elaborating entity "div_mod" for hierarchy "alu_core:u_alu|div_mod:u_divmod" File: C:/Users/ggabr/OneDrive/Escritorio/emonge_ggonzalez_digital_design_lab_2025/laboratorio_2/problema_1/problema_1.sv Line: 41
Info (12128): Elaborating entity "logic_ops" for hierarchy "alu_core:u_alu|logic_ops:u_logic" File: C:/Users/ggabr/OneDrive/Escritorio/emonge_ggonzalez_digital_design_lab_2025/laboratorio_2/problema_1/problema_1.sv Line: 45
Info (12128): Elaborating entity "hex7seg_sv" for hierarchy "hex7seg_sv:u_hex_a" File: C:/Users/ggabr/OneDrive/Escritorio/emonge_ggonzalez_digital_design_lab_2025/laboratorio_2/problema_1/problema_1.sv Line: 114
Info (278001): Inferred 2 megafunctions from design logic
    Info (278004): Inferred divider/modulo megafunction ("lpm_divide") from the following logic: "alu_core:u_alu|div_mod:u_divmod|Div0" File: C:/Users/ggabr/OneDrive/Escritorio/emonge_ggonzalez_digital_design_lab_2025/laboratorio_2/problema_1/div_mod.sv Line: 14
    Info (278004): Inferred divider/modulo megafunction ("lpm_divide") from the following logic: "alu_core:u_alu|div_mod:u_divmod|Mod0" File: C:/Users/ggabr/OneDrive/Escritorio/emonge_ggonzalez_digital_design_lab_2025/laboratorio_2/problema_1/div_mod.sv Line: 15
Info (12130): Elaborated megafunction instantiation "alu_core:u_alu|div_mod:u_divmod|lpm_divide:Div0" File: C:/Users/ggabr/OneDrive/Escritorio/emonge_ggonzalez_digital_design_lab_2025/laboratorio_2/problema_1/div_mod.sv Line: 14
Info (12133): Instantiated megafunction "alu_core:u_alu|div_mod:u_divmod|lpm_divide:Div0" with the following parameter: File: C:/Users/ggabr/OneDrive/Escritorio/emonge_ggonzalez_digital_design_lab_2025/laboratorio_2/problema_1/div_mod.sv Line: 14
    Info (12134): Parameter "LPM_WIDTHN" = "4"
    Info (12134): Parameter "LPM_WIDTHD" = "4"
    Info (12134): Parameter "LPM_NREPRESENTATION" = "UNSIGNED"
    Info (12134): Parameter "LPM_DREPRESENTATION" = "UNSIGNED"
Info (12021): Found 1 design units, including 1 entities, in source file db/lpm_divide_1am.tdf
    Info (12023): Found entity 1: lpm_divide_1am File: C:/Users/ggabr/OneDrive/Escritorio/emonge_ggonzalez_digital_design_lab_2025/laboratorio_2/problema_1/db/lpm_divide_1am.tdf Line: 25
Info (12021): Found 1 design units, including 1 entities, in source file db/sign_div_unsign_7kh.tdf
    Info (12023): Found entity 1: sign_div_unsign_7kh File: C:/Users/ggabr/OneDrive/Escritorio/emonge_ggonzalez_digital_design_lab_2025/laboratorio_2/problema_1/db/sign_div_unsign_7kh.tdf Line: 25
Info (12021): Found 1 design units, including 1 entities, in source file db/alt_u_div_kse.tdf
    Info (12023): Found entity 1: alt_u_div_kse File: C:/Users/ggabr/OneDrive/Escritorio/emonge_ggonzalez_digital_design_lab_2025/laboratorio_2/problema_1/db/alt_u_div_kse.tdf Line: 23
Info (12130): Elaborated megafunction instantiation "alu_core:u_alu|div_mod:u_divmod|lpm_divide:Mod0" File: C:/Users/ggabr/OneDrive/Escritorio/emonge_ggonzalez_digital_design_lab_2025/laboratorio_2/problema_1/div_mod.sv Line: 15
Info (12133): Instantiated megafunction "alu_core:u_alu|div_mod:u_divmod|lpm_divide:Mod0" with the following parameter: File: C:/Users/ggabr/OneDrive/Escritorio/emonge_ggonzalez_digital_design_lab_2025/laboratorio_2/problema_1/div_mod.sv Line: 15
    Info (12134): Parameter "LPM_WIDTHN" = "4"
    Info (12134): Parameter "LPM_WIDTHD" = "4"
    Info (12134): Parameter "LPM_NREPRESENTATION" = "UNSIGNED"
    Info (12134): Parameter "LPM_DREPRESENTATION" = "UNSIGNED"
Info (12021): Found 1 design units, including 1 entities, in source file db/lpm_divide_42m.tdf
    Info (12023): Found entity 1: lpm_divide_42m File: C:/Users/ggabr/OneDrive/Escritorio/emonge_ggonzalez_digital_design_lab_2025/laboratorio_2/problema_1/db/lpm_divide_42m.tdf Line: 25
Info (286030): Timing-Driven Synthesis is running
Info (144001): Generated suppressed messages file C:/Users/ggabr/OneDrive/Escritorio/emonge_ggonzalez_digital_design_lab_2025/laboratorio_2/problema_1/output_files/problema_1.map.smsg
Info (16010): Generating hard_block partition "hard_block:auto_generated_inst"
    Info (16011): Adding 0 node(s), including 0 DDIO, 0 PLL, 0 transceiver and 0 LCELL
Info (21057): Implemented 212 device resources after synthesis - the final resource count might be different
    Info (21058): Implemented 11 input pins
    Info (21059): Implemented 29 output pins
    Info (21061): Implemented 172 logic cells
Info: Quartus Prime Analysis & Synthesis was successful. 0 errors, 1 warning
    Info: Peak virtual memory: 4857 megabytes
    Info: Processing ended: Wed Sep  3 20:31:15 2025
    Info: Elapsed time: 00:00:07
    Info: Total CPU time (on all processors): 00:00:15


+------------------------------------------+
; Analysis & Synthesis Suppressed Messages ;
+------------------------------------------+
The suppressed messages can be found in C:/Users/ggabr/OneDrive/Escritorio/emonge_ggonzalez_digital_design_lab_2025/laboratorio_2/problema_1/output_files/problema_1.map.smsg.


