------------------------------------------------------------
Timing Analyzer Summary
------------------------------------------------------------

Type  : Slow 1100mV 85C Model Setup 'clk_pix'
Slack : -7.011
TNS   : -947.630

Type  : Slow 1100mV 85C Model Setup 'CLOCK_50'
Slack : -2.843
TNS   : -2.843

Type  : Slow 1100mV 85C Model Hold 'clk_pix'
Slack : 0.276
TNS   : 0.000

Type  : Slow 1100mV 85C Model Hold 'CLOCK_50'
Slack : 0.894
TNS   : 0.000

Type  : Slow 1100mV 85C Model Recovery 'clk_pix'
Slack : -1.817
TNS   : -255.325

Type  : Slow 1100mV 85C Model Removal 'clk_pix'
Slack : 1.094
TNS   : 0.000

Type  : Slow 1100mV 85C Model Minimum Pulse Width 'CLOCK_50'
Slack : -0.712
TNS   : -1.178

Type  : Slow 1100mV 85C Model Minimum Pulse Width 'clk_pix'
Slack : -0.394
TNS   : -137.363

Type  : Slow 1100mV 0C Model Setup 'clk_pix'
Slack : -6.873
TNS   : -922.215

Type  : Slow 1100mV 0C Model Setup 'CLOCK_50'
Slack : -2.676
TNS   : -2.676

Type  : Slow 1100mV 0C Model Hold 'clk_pix'
Slack : 0.280
TNS   : 0.000

Type  : Slow 1100mV 0C Model Hold 'CLOCK_50'
Slack : 0.832
TNS   : 0.000

Type  : Slow 1100mV 0C Model Recovery 'clk_pix'
Slack : -1.713
TNS   : -239.566

Type  : Slow 1100mV 0C Model Removal 'clk_pix'
Slack : 1.003
TNS   : 0.000

Type  : Slow 1100mV 0C Model Minimum Pulse Width 'CLOCK_50'
Slack : -0.748
TNS   : -1.283

Type  : Slow 1100mV 0C Model Minimum Pulse Width 'clk_pix'
Slack : -0.394
TNS   : -134.428

Type  : Fast 1100mV 85C Model Setup 'clk_pix'
Slack : -3.580
TNS   : -498.167

Type  : Fast 1100mV 85C Model Setup 'CLOCK_50'
Slack : -2.297
TNS   : -2.297

Type  : Fast 1100mV 85C Model Hold 'clk_pix'
Slack : 0.092
TNS   : 0.000

Type  : Fast 1100mV 85C Model Hold 'CLOCK_50'
Slack : 0.999
TNS   : 0.000

Type  : Fast 1100mV 85C Model Recovery 'clk_pix'
Slack : -1.002
TNS   : -126.912

Type  : Fast 1100mV 85C Model Removal 'clk_pix'
Slack : 0.554
TNS   : 0.000

Type  : Fast 1100mV 85C Model Minimum Pulse Width 'CLOCK_50'
Slack : -0.812
TNS   : -1.436

Type  : Fast 1100mV 85C Model Minimum Pulse Width 'clk_pix'
Slack : -0.030
TNS   : -0.258

Type  : Fast 1100mV 0C Model Setup 'clk_pix'
Slack : -3.224
TNS   : -435.980

Type  : Fast 1100mV 0C Model Setup 'CLOCK_50'
Slack : -1.915
TNS   : -1.915

Type  : Fast 1100mV 0C Model Hold 'clk_pix'
Slack : 0.080
TNS   : 0.000

Type  : Fast 1100mV 0C Model Hold 'CLOCK_50'
Slack : 0.757
TNS   : 0.000

Type  : Fast 1100mV 0C Model Recovery 'clk_pix'
Slack : -0.818
TNS   : -101.178

Type  : Fast 1100mV 0C Model Removal 'clk_pix'
Slack : 0.474
TNS   : 0.000

Type  : Fast 1100mV 0C Model Minimum Pulse Width 'CLOCK_50'
Slack : -0.840
TNS   : -1.552

Type  : Fast 1100mV 0C Model Minimum Pulse Width 'clk_pix'
Slack : 0.018
TNS   : 0.000

------------------------------------------------------------
