Analysis & Synthesis report for problema_1
Tue Sep 30 04:08:42 2025
Quartus Prime Version 22.1std.0 Build 915 10/25/2022 SC Lite Edition


---------------------
; Table of Contents ;
---------------------
  1. Legal Notice
  2. Analysis & Synthesis Summary
  3. Analysis & Synthesis Settings
  4. Parallel Compilation
  5. Analysis & Synthesis Source Files Read
  6. Analysis & Synthesis Resource Usage Summary
  7. Analysis & Synthesis Resource Utilization by Entity
  8. General Register Statistics
  9. Inverted Register Statistics
 10. Multiplexer Restructuring Statistics (Restructuring Performed)
 11. Parameter Settings for User Entity Instance: vga_controller:u_vga
 12. Parameter Settings for User Entity Instance: vga_controller:u_vga|vga_timing:u_timing
 13. Port Connectivity Checks: "vga_controller:u_vga|vga_timing:u_timing"
 14. Port Connectivity Checks: "vga_controller:u_vga"
 15. Post-Synthesis Netlist Statistics for Top Partition
 16. Elapsed Time Per Partition
 17. Analysis & Synthesis Messages



----------------
; Legal Notice ;
----------------
Copyright (C) 2022  Intel Corporation. All rights reserved.
Your use of Intel Corporation's design tools, logic functions 
and other software and tools, and any partner logic 
functions, and any output files from any of the foregoing 
(including device programming or simulation files), and any 
associated documentation or information are expressly subject 
to the terms and conditions of the Intel Program License 
Subscription Agreement, the Intel Quartus Prime License Agreement,
the Intel FPGA IP License Agreement, or other applicable license
agreement, including, without limitation, that your use is for
the sole purpose of programming logic devices manufactured by
Intel and sold by Intel or its authorized distributors.  Please
refer to the applicable agreement for further details, at
https://fpgasoftware.intel.com/eula.



+----------------------------------------------------------------------------------+
; Analysis & Synthesis Summary                                                     ;
+---------------------------------+------------------------------------------------+
; Analysis & Synthesis Status     ; Successful - Tue Sep 30 04:08:42 2025          ;
; Quartus Prime Version           ; 22.1std.0 Build 915 10/25/2022 SC Lite Edition ;
; Revision Name                   ; problema_1                                     ;
; Top-level Entity Name           ; vga_top                                        ;
; Family                          ; Cyclone V                                      ;
; Logic utilization (in ALMs)     ; N/A                                            ;
; Total registers                 ; 60                                             ;
; Total pins                      ; 31                                             ;
; Total virtual pins              ; 0                                              ;
; Total block memory bits         ; 0                                              ;
; Total DSP Blocks                ; 0                                              ;
; Total HSSI RX PCSs              ; 0                                              ;
; Total HSSI PMA RX Deserializers ; 0                                              ;
; Total HSSI TX PCSs              ; 0                                              ;
; Total HSSI PMA TX Serializers   ; 0                                              ;
; Total PLLs                      ; 0                                              ;
; Total DLLs                      ; 0                                              ;
+---------------------------------+------------------------------------------------+


+---------------------------------------------------------------------------------------------------------------------------+
; Analysis & Synthesis Settings                                                                                             ;
+---------------------------------------------------------------------------------+--------------------+--------------------+
; Option                                                                          ; Setting            ; Default Value      ;
+---------------------------------------------------------------------------------+--------------------+--------------------+
; Device                                                                          ; 5CSXFC6D6F31C6     ;                    ;
; Top-level entity name                                                           ; vga_top            ; problema_1         ;
; Family name                                                                     ; Cyclone V          ; Cyclone V          ;
; Use smart compilation                                                           ; Off                ; Off                ;
; Enable parallel Assembler and Timing Analyzer during compilation                ; On                 ; On                 ;
; Enable compact report table                                                     ; Off                ; Off                ;
; Restructure Multiplexers                                                        ; Auto               ; Auto               ;
; MLAB Add Timing Constraints For Mixed-Port Feed-Through Mode Setting Don't Care ; Off                ; Off                ;
; Create Debugging Nodes for IP Cores                                             ; Off                ; Off                ;
; Preserve fewer node names                                                       ; On                 ; On                 ;
; Intel FPGA IP Evaluation Mode                                                   ; Enable             ; Enable             ;
; Verilog Version                                                                 ; Verilog_2001       ; Verilog_2001       ;
; VHDL Version                                                                    ; VHDL_1993          ; VHDL_1993          ;
; State Machine Processing                                                        ; Auto               ; Auto               ;
; Safe State Machine                                                              ; Off                ; Off                ;
; Extract Verilog State Machines                                                  ; On                 ; On                 ;
; Extract VHDL State Machines                                                     ; On                 ; On                 ;
; Ignore Verilog initial constructs                                               ; Off                ; Off                ;
; Iteration limit for constant Verilog loops                                      ; 5000               ; 5000               ;
; Iteration limit for non-constant Verilog loops                                  ; 250                ; 250                ;
; Add Pass-Through Logic to Inferred RAMs                                         ; On                 ; On                 ;
; Infer RAMs from Raw Logic                                                       ; On                 ; On                 ;
; Parallel Synthesis                                                              ; On                 ; On                 ;
; DSP Block Balancing                                                             ; Auto               ; Auto               ;
; NOT Gate Push-Back                                                              ; On                 ; On                 ;
; Power-Up Don't Care                                                             ; On                 ; On                 ;
; Remove Redundant Logic Cells                                                    ; Off                ; Off                ;
; Remove Duplicate Registers                                                      ; On                 ; On                 ;
; Ignore CARRY Buffers                                                            ; Off                ; Off                ;
; Ignore CASCADE Buffers                                                          ; Off                ; Off                ;
; Ignore GLOBAL Buffers                                                           ; Off                ; Off                ;
; Ignore ROW GLOBAL Buffers                                                       ; Off                ; Off                ;
; Ignore LCELL Buffers                                                            ; Off                ; Off                ;
; Ignore SOFT Buffers                                                             ; On                 ; On                 ;
; Limit AHDL Integers to 32 Bits                                                  ; Off                ; Off                ;
; Optimization Technique                                                          ; Balanced           ; Balanced           ;
; Carry Chain Length                                                              ; 70                 ; 70                 ;
; Auto Carry Chains                                                               ; On                 ; On                 ;
; Auto Open-Drain Pins                                                            ; On                 ; On                 ;
; Perform WYSIWYG Primitive Resynthesis                                           ; Off                ; Off                ;
; Auto ROM Replacement                                                            ; On                 ; On                 ;
; Auto RAM Replacement                                                            ; On                 ; On                 ;
; Auto DSP Block Replacement                                                      ; On                 ; On                 ;
; Auto Shift Register Replacement                                                 ; Auto               ; Auto               ;
; Allow Shift Register Merging across Hierarchies                                 ; Auto               ; Auto               ;
; Auto Clock Enable Replacement                                                   ; On                 ; On                 ;
; Strict RAM Replacement                                                          ; Off                ; Off                ;
; Allow Synchronous Control Signals                                               ; On                 ; On                 ;
; Force Use of Synchronous Clear Signals                                          ; Off                ; Off                ;
; Auto Resource Sharing                                                           ; Off                ; Off                ;
; Allow Any RAM Size For Recognition                                              ; Off                ; Off                ;
; Allow Any ROM Size For Recognition                                              ; Off                ; Off                ;
; Allow Any Shift Register Size For Recognition                                   ; Off                ; Off                ;
; Use LogicLock Constraints during Resource Balancing                             ; On                 ; On                 ;
; Ignore translate_off and synthesis_off directives                               ; Off                ; Off                ;
; Timing-Driven Synthesis                                                         ; On                 ; On                 ;
; Report Parameter Settings                                                       ; On                 ; On                 ;
; Report Source Assignments                                                       ; On                 ; On                 ;
; Report Connectivity Checks                                                      ; On                 ; On                 ;
; Ignore Maximum Fan-Out Assignments                                              ; Off                ; Off                ;
; Synchronization Register Chain Length                                           ; 3                  ; 3                  ;
; Power Optimization During Synthesis                                             ; Normal compilation ; Normal compilation ;
; HDL message level                                                               ; Level2             ; Level2             ;
; Suppress Register Optimization Related Messages                                 ; Off                ; Off                ;
; Number of Removed Registers Reported in Synthesis Report                        ; 5000               ; 5000               ;
; Number of Swept Nodes Reported in Synthesis Report                              ; 5000               ; 5000               ;
; Number of Inverted Registers Reported in Synthesis Report                       ; 100                ; 100                ;
; Clock MUX Protection                                                            ; On                 ; On                 ;
; Auto Gated Clock Conversion                                                     ; Off                ; Off                ;
; Block Design Naming                                                             ; Auto               ; Auto               ;
; SDC constraint protection                                                       ; Off                ; Off                ;
; Synthesis Effort                                                                ; Auto               ; Auto               ;
; Shift Register Replacement - Allow Asynchronous Clear Signal                    ; On                 ; On                 ;
; Pre-Mapping Resynthesis Optimization                                            ; Off                ; Off                ;
; Analysis & Synthesis Message Level                                              ; Medium             ; Medium             ;
; Disable Register Merging Across Hierarchies                                     ; Auto               ; Auto               ;
; Resource Aware Inference For Block RAM                                          ; On                 ; On                 ;
; Automatic Parallel Synthesis                                                    ; On                 ; On                 ;
; Partial Reconfiguration Bitstream ID                                            ; Off                ; Off                ;
+---------------------------------------------------------------------------------+--------------------+--------------------+


+------------------------------------------+
; Parallel Compilation                     ;
+----------------------------+-------------+
; Processors                 ; Number      ;
+----------------------------+-------------+
; Number detected on machine ; 8           ;
; Maximum allowed            ; 4           ;
;                            ;             ;
; Average used               ; 1.00        ;
; Maximum used               ; 4           ;
;                            ;             ;
; Usage by Processor         ; % Time Used ;
;     Processor 1            ; 100.0%      ;
;     Processors 2-4         ;   0.0%      ;
+----------------------------+-------------+


+----------------------------------------------------------------------------------------------------------------------------------------------------------------------------------------------------------------------+
; Analysis & Synthesis Source Files Read                                                                                                                                                                               ;
+----------------------------------+-----------------+------------------------------+------------------------------------------------------------------------------------------------------------------------+---------+
; File Name with User-Entered Path ; Used in Netlist ; File Type                    ; File Name with Absolute Path                                                                                           ; Library ;
+----------------------------------+-----------------+------------------------------+------------------------------------------------------------------------------------------------------------------------+---------+
; vga_timing.sv                    ; yes             ; User SystemVerilog HDL File  ; C:/Users/ggabr/OneDrive/Escritorio/emonge_ggonzalez_digital_design_lab_2025/laboratorio_3/problema_1/vga_timing.sv     ;         ;
; vga_controller.sv                ; yes             ; User SystemVerilog HDL File  ; C:/Users/ggabr/OneDrive/Escritorio/emonge_ggonzalez_digital_design_lab_2025/laboratorio_3/problema_1/vga_controller.sv ;         ;
; vga_top.sv                       ; yes             ; User SystemVerilog HDL File  ; C:/Users/ggabr/OneDrive/Escritorio/emonge_ggonzalez_digital_design_lab_2025/laboratorio_3/problema_1/vga_top.sv        ;         ;
+----------------------------------+-----------------+------------------------------+------------------------------------------------------------------------------------------------------------------------+---------+


+-------------------------------------------------------+
; Analysis & Synthesis Resource Usage Summary           ;
+---------------------------------------------+---------+
; Resource                                    ; Usage   ;
+---------------------------------------------+---------+
; Estimate of Logic utilization (ALMs needed) ; 34      ;
;                                             ;         ;
; Combinational ALUT usage for logic          ; 49      ;
;     -- 7 input functions                    ; 0       ;
;     -- 6 input functions                    ; 6       ;
;     -- 5 input functions                    ; 3       ;
;     -- 4 input functions                    ; 7       ;
;     -- <=3 input functions                  ; 33      ;
;                                             ;         ;
; Dedicated logic registers                   ; 60      ;
;                                             ;         ;
; I/O pins                                    ; 31      ;
;                                             ;         ;
; Total DSP Blocks                            ; 0       ;
;                                             ;         ;
; Maximum fan-out node                        ; clk_pix ;
; Maximum fan-out                             ; 61      ;
; Total fan-out                               ; 390     ;
; Average fan-out                             ; 2.28    ;
+---------------------------------------------+---------+


+--------------------------------------------------------------------------------------------------------------------------------------------------------------------------------------------------------------------------+
; Analysis & Synthesis Resource Utilization by Entity                                                                                                                                                                      ;
+-----------------------------+---------------------+---------------------------+-------------------+------------+------+--------------+---------------------------------------------------+----------------+--------------+
; Compilation Hierarchy Node  ; Combinational ALUTs ; Dedicated Logic Registers ; Block Memory Bits ; DSP Blocks ; Pins ; Virtual Pins ; Full Hierarchy Name                               ; Entity Name    ; Library Name ;
+-----------------------------+---------------------+---------------------------+-------------------+------------+------+--------------+---------------------------------------------------+----------------+--------------+
; |vga_top                    ; 49 (10)             ; 60 (33)                   ; 0                 ; 0          ; 31   ; 0            ; |vga_top                                          ; vga_top        ; work         ;
;    |vga_controller:u_vga|   ; 39 (0)              ; 27 (0)                    ; 0                 ; 0          ; 0    ; 0            ; |vga_top|vga_controller:u_vga                     ; vga_controller ; work         ;
;       |vga_timing:u_timing| ; 39 (39)             ; 27 (27)                   ; 0                 ; 0          ; 0    ; 0            ; |vga_top|vga_controller:u_vga|vga_timing:u_timing ; vga_timing     ; work         ;
+-----------------------------+---------------------+---------------------------+-------------------+------------+------+--------------+---------------------------------------------------+----------------+--------------+
Note: For table entries with two numbers listed, the numbers in parentheses indicate the number of resources of the given type used by the specific entity alone. The numbers listed outside of parentheses indicate the total resources of the given type used by the specific entity and all of its sub-entities in the hierarchy.


+------------------------------------------------------+
; General Register Statistics                          ;
+----------------------------------------------+-------+
; Statistic                                    ; Value ;
+----------------------------------------------+-------+
; Total registers                              ; 60    ;
; Number of registers using Synchronous Clear  ; 24    ;
; Number of registers using Synchronous Load   ; 0     ;
; Number of registers using Asynchronous Clear ; 33    ;
; Number of registers using Asynchronous Load  ; 0     ;
; Number of registers using Clock Enable       ; 12    ;
; Number of registers using Preset             ; 0     ;
+----------------------------------------------+-------+


+--------------------------------------------------+
; Inverted Register Statistics                     ;
+----------------------------------------+---------+
; Inverted Register                      ; Fan out ;
+----------------------------------------+---------+
; VGA_HS~reg0                            ; 1       ;
; VGA_VS~reg0                            ; 1       ;
; r2                                     ; 5       ;
; vs_d                                   ; 3       ;
; r1                                     ; 1       ;
; Total number of inverted registers = 5 ;         ;
+----------------------------------------+---------+


+-----------------------------------------------------------------------------------------------------------------------------------------------------------------------+
; Multiplexer Restructuring Statistics (Restructuring Performed)                                                                                                        ;
+--------------------+-----------+---------------+----------------------+------------------------+------------+---------------------------------------------------------+
; Multiplexer Inputs ; Bus Width ; Baseline Area ; Area if Restructured ; Saving if Restructured ; Registered ; Example Multiplexer Output                              ;
+--------------------+-----------+---------------+----------------------+------------------------+------------+---------------------------------------------------------+
; 3:1                ; 12 bits   ; 24 LEs        ; 0 LEs                ; 24 LEs                 ; Yes        ; |vga_top|vga_controller:u_vga|vga_timing:u_timing|x[11] ;
; 4:1                ; 12 bits   ; 24 LEs        ; 0 LEs                ; 24 LEs                 ; Yes        ; |vga_top|vga_controller:u_vga|vga_timing:u_timing|y[11] ;
+--------------------+-----------+---------------+----------------------+------------------------+------------+---------------------------------------------------------+


+-------------------------------------------------------------------+
; Parameter Settings for User Entity Instance: vga_controller:u_vga ;
+------------------+-------+----------------------------------------+
; Parameter Name   ; Value ; Type                                   ;
+------------------+-------+----------------------------------------+
; H_ACTIVE         ; 640   ; Signed Integer                         ;
; V_ACTIVE         ; 480   ; Signed Integer                         ;
; H_FP             ; 16    ; Signed Integer                         ;
; H_SYNC           ; 96    ; Signed Integer                         ;
; H_BP             ; 48    ; Signed Integer                         ;
; V_FP             ; 10    ; Signed Integer                         ;
; V_SYNC           ; 2     ; Signed Integer                         ;
; V_BP             ; 33    ; Signed Integer                         ;
; HS_POL           ; 0     ; Unsigned Binary                        ;
; VS_POL           ; 0     ; Unsigned Binary                        ;
; N_COLOR_BITS     ; 8     ; Signed Integer                         ;
; USE_TEST_PATTERN ; 0     ; Unsigned Binary                        ;
+------------------+-------+----------------------------------------+
Note: In order to hide this table in the UI and the text report file, please set the "Show Parameter Settings in Synthesis Report" option in "Analysis and Synthesis Settings -> More Settings" to "Off".


+---------------------------------------------------------------------------------------+
; Parameter Settings for User Entity Instance: vga_controller:u_vga|vga_timing:u_timing ;
+----------------+-------+--------------------------------------------------------------+
; Parameter Name ; Value ; Type                                                         ;
+----------------+-------+--------------------------------------------------------------+
; H_ACTIVE       ; 640   ; Signed Integer                                               ;
; V_ACTIVE       ; 480   ; Signed Integer                                               ;
; H_FP           ; 16    ; Signed Integer                                               ;
; H_SYNC         ; 96    ; Signed Integer                                               ;
; H_BP           ; 48    ; Signed Integer                                               ;
; V_FP           ; 10    ; Signed Integer                                               ;
; V_SYNC         ; 2     ; Signed Integer                                               ;
; V_BP           ; 33    ; Signed Integer                                               ;
; HS_POL         ; 0     ; Unsigned Binary                                              ;
; VS_POL         ; 0     ; Unsigned Binary                                              ;
+----------------+-------+--------------------------------------------------------------+
Note: In order to hide this table in the UI and the text report file, please set the "Show Parameter Settings in Synthesis Report" option in "Analysis and Synthesis Settings -> More Settings" to "Off".


+----------------------------------------------------------------------+
; Port Connectivity Checks: "vga_controller:u_vga|vga_timing:u_timing" ;
+------------+--------+----------+-------------------------------------+
; Port       ; Type   ; Severity ; Details                             ;
+------------+--------+----------+-------------------------------------+
; line_tick  ; Output ; Info     ; Explicitly unconnected              ;
; frame_tick ; Output ; Info     ; Explicitly unconnected              ;
+------------+--------+----------+-------------------------------------+


+--------------------------------------------------------------------------------------------------------------------+
; Port Connectivity Checks: "vga_controller:u_vga"                                                                   ;
+----------+--------+----------+-------------------------------------------------------------------------------------+
; Port     ; Type   ; Severity ; Details                                                                             ;
+----------+--------+----------+-------------------------------------------------------------------------------------+
; rgb_in_r ; Input  ; Info     ; Stuck at GND                                                                        ;
; rgb_in_g ; Input  ; Info     ; Stuck at GND                                                                        ;
; rgb_in_b ; Input  ; Info     ; Stuck at GND                                                                        ;
; vga_r    ; Output ; Info     ; Connected to dangling logic. Logic that only feeds a dangling port will be removed. ;
; vga_g    ; Output ; Info     ; Connected to dangling logic. Logic that only feeds a dangling port will be removed. ;
; vga_b    ; Output ; Info     ; Connected to dangling logic. Logic that only feeds a dangling port will be removed. ;
; x        ; Output ; Info     ; Connected to dangling logic. Logic that only feeds a dangling port will be removed. ;
; y        ; Output ; Info     ; Connected to dangling logic. Logic that only feeds a dangling port will be removed. ;
+----------+--------+----------+-------------------------------------------------------------------------------------+


+-----------------------------------------------------+
; Post-Synthesis Netlist Statistics for Top Partition ;
+-----------------------+-----------------------------+
; Type                  ; Count                       ;
+-----------------------+-----------------------------+
; arriav_ff             ; 60                          ;
;     CLR               ; 33                          ;
;     ENA SCLR          ; 12                          ;
;     SCLR              ; 12                          ;
;     plain             ; 3                           ;
; arriav_lcell_comb     ; 53                          ;
;     arith             ; 24                          ;
;         1 data inputs ; 24                          ;
;     normal            ; 29                          ;
;         0 data inputs ; 2                           ;
;         1 data inputs ; 6                           ;
;         3 data inputs ; 5                           ;
;         4 data inputs ; 7                           ;
;         5 data inputs ; 3                           ;
;         6 data inputs ; 6                           ;
; boundary_port         ; 31                          ;
;                       ;                             ;
; Max LUT depth         ; 2.10                        ;
; Average LUT depth     ; 1.33                        ;
+-----------------------+-----------------------------+


+-------------------------------+
; Elapsed Time Per Partition    ;
+----------------+--------------+
; Partition Name ; Elapsed Time ;
+----------------+--------------+
; Top            ; 00:00:00     ;
+----------------+--------------+


+-------------------------------+
; Analysis & Synthesis Messages ;
+-------------------------------+
Info: *******************************************************************
Info: Running Quartus Prime Analysis & Synthesis
    Info: Version 22.1std.0 Build 915 10/25/2022 SC Lite Edition
    Info: Processing started: Tue Sep 30 04:08:34 2025
Info: Command: quartus_map --read_settings_files=on --write_settings_files=off problema_1 -c problema_1
Warning (18236): Number of processors has not been specified which may cause overloading on shared machines.  Set the global assignment NUM_PARALLEL_PROCESSORS in your QSF to an appropriate value for best performance.
Info (20030): Parallel compilation is enabled and will use 4 of the 4 processors detected
Info (12021): Found 1 design units, including 1 entities, in source file vga_timing.sv
    Info (12023): Found entity 1: vga_timing File: C:/Users/ggabr/OneDrive/Escritorio/emonge_ggonzalez_digital_design_lab_2025/laboratorio_3/problema_1/vga_timing.sv Line: 5
Info (12021): Found 1 design units, including 1 entities, in source file vga_controller.sv
    Info (12023): Found entity 1: vga_controller File: C:/Users/ggabr/OneDrive/Escritorio/emonge_ggonzalez_digital_design_lab_2025/laboratorio_3/problema_1/vga_controller.sv Line: 5
Info (12021): Found 1 design units, including 1 entities, in source file vga_top.sv
    Info (12023): Found entity 1: vga_top File: C:/Users/ggabr/OneDrive/Escritorio/emonge_ggonzalez_digital_design_lab_2025/laboratorio_3/problema_1/vga_top.sv Line: 3
Info (12127): Elaborating entity "vga_top" for the top level hierarchy
Info (12128): Elaborating entity "vga_controller" for hierarchy "vga_controller:u_vga" File: C:/Users/ggabr/OneDrive/Escritorio/emonge_ggonzalez_digital_design_lab_2025/laboratorio_3/problema_1/vga_top.sv Line: 62
Info (12128): Elaborating entity "vga_timing" for hierarchy "vga_controller:u_vga|vga_timing:u_timing" File: C:/Users/ggabr/OneDrive/Escritorio/emonge_ggonzalez_digital_design_lab_2025/laboratorio_3/problema_1/vga_controller.sv Line: 51
Warning (13024): Output pins are stuck at VCC or GND
    Warning (13410): Pin "VGA_BLANK_N" is stuck at VCC File: C:/Users/ggabr/OneDrive/Escritorio/emonge_ggonzalez_digital_design_lab_2025/laboratorio_3/problema_1/vga_top.sv Line: 13
    Warning (13410): Pin "VGA_SYNC_N" is stuck at GND File: C:/Users/ggabr/OneDrive/Escritorio/emonge_ggonzalez_digital_design_lab_2025/laboratorio_3/problema_1/vga_top.sv Line: 15
Info (286030): Timing-Driven Synthesis is running
Info (16010): Generating hard_block partition "hard_block:auto_generated_inst"
    Info (16011): Adding 0 node(s), including 0 DDIO, 0 PLL, 0 transceiver and 0 LCELL
Info (21057): Implemented 106 device resources after synthesis - the final resource count might be different
    Info (21058): Implemented 2 input pins
    Info (21059): Implemented 29 output pins
    Info (21061): Implemented 75 logic cells
Info: Quartus Prime Analysis & Synthesis was successful. 0 errors, 4 warnings
    Info: Peak virtual memory: 4854 megabytes
    Info: Processing ended: Tue Sep 30 04:08:42 2025
    Info: Elapsed time: 00:00:08
    Info: Total CPU time (on all processors): 00:00:17


